// Jest Snapshot v1, https://goo.gl/fbAQLP

exports[`<Button /> should render the medium size button by default 1`] = `
.c0 {
  -webkit-align-items: center;
  -webkit-box-align: center;
  -ms-flex-align: center;
  align-items: center;
  display: -webkit-inline-box;
  display: -webkit-inline-flex;
  display: -ms-inline-flexbox;
  display: inline-flex;
  -webkit-box-pack: center;
  -webkit-justify-content: center;
  -ms-flex-pack: center;
  justify-content: center;
  border-radius: 0.4rem;
  border: none;
  cursor: pointer;
  padding: 0.8rem;
  -webkit-transition: background 0.3s;
  transition: background 0.3s;
  -webkit-text-decoration: none;
  text-decoration: none;
  font-family: Space Mono,-apple-system,BlinkMacSystemFont,'Segoe UI',Roboto,Oxygen,Ubuntu,Cantarell,'Open Sans','Helvetica Neue',sans-serif;
  -webkit-font-smoothing: antialiased;
  font-size: 1.4rem;
  height: 4rem;
  padding: 0.8rem 3.2rem;
  background: #FFFFFF;
  color: #000000;
}

.c0:hover {
  background: #e6e6e6;
  color: #000000;
}

<button
  class="c0"
>
  <span
    class=""
  >
    Button
  </span>
</button>
`;
